<a href=https://pewu.github.io/osm-history/#/relation/99804147
<a href=https://pewu.github.io/osm-history/#/relation/99804147
<a href=https://pewu.github.io/osm-history/#/relation/99804147
<a href=https://pewu.github.io/osm-history/#/relation/99804147
<a href=https://pewu.github.io/osm-history/#/relation/99804147
<a href=https://pewu.github.io/osm-history/#/relation/99804147
<a href=https://pewu.github.io/osm-history/#/relation/99804147
<a href=https://pewu.github.io/osm-history/#/relation/99804147
<a href=https://pewu.github.io/osm-history/#/relation/99804147
<a href=https://pewu.github.io/osm-history/#/relation/99804147
<a href=https://pewu.github.io/osm-history/#/relation/99804147
<a href=https://pewu.github.io/osm-history/#/relation/99804147
<a href=https://pewu.github.io/osm-history/#/relation/99804147
<a href=https://pewu.github.io/osm-history/#/relation/99804147
<a href=https://pewu.github.io/osm-history/#/relation/99804147
<a href=https://pewu.github.io/osm-history/#/relation/99804147
<a href=https://pewu.github.io/osm-history/#/relation/99804147
<a href=https://pewu.github.io/osm-history/#/relation/99804147
<a href=https://pewu.github.io/osm-history/#/relation/99804147
<a href=https://pewu.github.io/osm-history/#/relation/99804147
<a href=https://pewu.github.io/osm-history/#/relation/99804147
<a href=https://pewu.github.io/osm-history/#/relation/99804147
<a href=https://pewu.github.io/osm-history/#/relation/99803694
<a href=https://pewu.github.io/osm-history/#/relation/99803694
<a href=https://pewu.github.io/osm-history/#/relation/99804147
<a href=https://pewu.github.io/osm-history/#/relation/99798413
<a href=https://pewu.github.io/osm-history/#/relation/99859155
<a href=https://pewu.github.io/osm-history/#/relation/99859155
<a href=https://pewu.github.io/osm-history/#/relation/99859155
<a href=https://pewu.github.io/osm-history/#/relation/99797628
<a href=https://pewu.github.io/osm-history/#/relation/99859155
<a href=https://pewu.github.io/osm-history/#/relation/99798413
